// Jest Snapshot v1, https://goo.gl/fbAQLP

exports[`EditLocation Component Testing EditLocation Renders correctly 1`] = `
<View
  style={
    Object {
      "flex": 1,
      "padding": 20,
    }
  }
>
  <View
    style={
      Object {
        "marginBottom": 50,
      }
    }
  >
    <TextInput
      allowFontScaling={true}
      onChangeText={[Function]}
      onSubmitEditing={[Function]}
      placeholder="Name"
      returnKeyType="next"
      style={
        Object {
          "borderColor": "#f5f5f5",
          "borderWidth": 1,
          "height": 50,
          "marginBottom": 10,
          "padding": 10,
          "width": "100%",
        }
      }
      testId="inputName"
      underlineColorAndroid="transparent"
      value="Berlin"
    />
    <TextInput
      allowFontScaling={true}
      onChangeText={[Function]}
      placeholder="Address"
      returnKeyType="done"
      style={
        Object {
          "borderColor": "#f5f5f5",
          "borderWidth": 1,
          "height": 50,
          "marginBottom": 10,
          "padding": 10,
          "width": "100%",
        }
      }
      testId="inputAddress"
      underlineColorAndroid="transparent"
      value="Berlin, Germany"
    />
  </View>
  <View
    accessibilityRole="button"
    accessibilityStates={Array []}
    accessible={true}
    isTVSelectable={true}
    onResponderGrant={[Function]}
    onResponderMove={[Function]}
    onResponderRelease={[Function]}
    onResponderTerminate={[Function]}
    onResponderTerminationRequest={[Function]}
    onStartShouldSetResponder={[Function]}
    style={
      Object {
        "opacity": 1,
      }
    }
  >
    <View
      style={
        Array [
          Object {},
        ]
      }
    >
      <Text
        style={
          Array [
            Object {
              "color": "#007AFF",
              "fontSize": 18,
              "padding": 8,
              "textAlign": "center",
            },
          ]
        }
      >
        Update
      </Text>
    </View>
  </View>
</View>
`;
